Warning: You are sending unauthenticated requests to the HF Hub. Please set a HF_TOKEN to enable higher rate limits and faster downloads.
STATUS: step 1 OK — 150 items, 218 peer votes in DuckDB
STATUS: step 2 OK — 15 annotators, items/annotator 8-12, 4 defective
STATUS: step 3 OK — 150 new submissions; defective items by type: {'BOILERPLATE': 20, 'POSITION_BIAS': 18, 'RUSHED': 14, 'SELF_CONTRADICTION': 14}
STATUS: step 4 OK — [agent] valid structured output on 10/10 smoke items
STATUS: [single] graded 25/300 pending runs
STATUS: [single] graded 50/300 pending runs
STATUS: [single] graded 75/300 pending runs
STATUS: [single] graded 100/300 pending runs
STATUS: [single] graded 125/300 pending runs
STATUS: [single] graded 150/300 pending runs
STATUS: [single] graded 175/300 pending runs
STATUS: [single] graded 200/300 pending runs
STATUS: [single] graded 225/300 pending runs
STATUS: [single] graded 250/300 pending runs
STATUS: [single] graded 275/300 pending runs
STATUS: [single] graded 300/300 pending runs
STATUS: step 5 OK — [single] 300 new runs; 300 grades total
STATUS: [agent] graded 25/290 pending runs
STATUS: [agent] graded 50/290 pending runs
STATUS: [agent] graded 75/290 pending runs
STATUS: [agent] graded 100/290 pending runs
STATUS: [agent] graded 125/290 pending runs
STATUS: [agent] graded 150/290 pending runs
STATUS: [agent] graded 175/290 pending runs
STATUS: [agent] graded 200/290 pending runs
STATUS: [agent] graded 225/290 pending runs
STATUS: [agent] graded 250/290 pending runs
STATUS: [agent] graded 275/290 pending runs
STATUS: step 5 OK — [agent] 290 new runs; 300 grades total
STATUS: step 6 — [single] routed 150 items
STATUS: step 6 — [agent] routed 150 items
STATUS: step 6 OK — sweep (126 rows) -> calibration.csv, metrics.md
STATUS: operating point [single] HIGH=0.75 LOW=0.35: precision=84.5% recall=74.2% catch=74.2% review_load=6.0% escalated=0
STATUS: operating point [agent] HIGH=0.75 LOW=0.35: precision=79.7% recall=71.2% catch=84.8% review_load=26.7% escalated=23
