STATUS: step 1 OK — 150 items, 218 peer votes in DuckDB
STATUS: step 2 OK — 15 annotators, items/annotator 8-12, 4 defective
STATUS: step 3 OK — 0 new submissions; defective items by type: {'BOILERPLATE': 20, 'POSITION_BIAS': 18, 'RUSHED': 14, 'SELF_CONTRADICTION': 14}
STATUS: step 4 OK — [agent] valid structured output on 10/10 smoke items
STATUS: step 5 OK — [single] 0 new runs; 300 grades total
STATUS: step 5 OK — [agent] 0 new runs; 300 grades total
STATUS: [verifier] reviewed 25/300 pending runs
STATUS: [verifier] reviewed 50/300 pending runs
STATUS: [verifier] reviewed 75/300 pending runs
STATUS: [verifier] reviewed 100/300 pending runs
STATUS: [verifier] reviewed 125/300 pending runs
STATUS: [verifier] reviewed 150/300 pending runs
STATUS: [verifier] reviewed 175/300 pending runs
STATUS: [verifier] reviewed 200/300 pending runs
STATUS: [verifier] reviewed 225/300 pending runs
STATUS: [verifier] reviewed 250/300 pending runs
STATUS: [verifier] reviewed 275/300 pending runs
STATUS: [verifier] reviewed 300/300 pending runs
STATUS: step 5 OK — [verifier] 300 new runs; 300 grades total
STATUS: step 6 — [single] routed 150 items
STATUS: step 6 — [agent] routed 150 items
STATUS: step 6 — [verifier] routed 150 items
STATUS: step 6 OK — sweep (189 rows) -> calibration.csv, metrics.md
STATUS: operating point [single] HIGH=0.75 LOW=0.35: precision=84.5% recall=74.2% catch=74.2% review_load=6.0% escalated=0
STATUS: operating point [agent] HIGH=0.75 LOW=0.35: precision=79.7% recall=71.2% catch=84.8% review_load=26.7% escalated=23
STATUS: operating point [verifier] HIGH=0.75 LOW=0.35: precision=89.8% recall=66.7% catch=80.3% review_load=49.3% escalated=23
